******************************************************************************
                  MSP430 Linker PC v20.2.2                     
******************************************************************************
>> Linked Sun Apr 11 16:10:06 2021

OUTPUT FILE NAME:   <tag_temp_illum.out>
ENTRY POINT SYMBOL: "_c_int00_noargs"  address: 0000c5ce


MEMORY CONFIGURATION

         name            origin    length      used     unused   attr    fill
----------------------  --------  ---------  --------  --------  ----  --------
  SFR                   00000000   00000010  00000000  00000010  RWIX
  PERIPHERALS_8BIT      00000010   000000f0  00000000  000000f0  RWIX
  PERIPHERALS_16BIT     00000100   00000100  00000000  00000100  RWIX
  RAM                   00000200   00000200  00000110  000000f0  RWIX
  INFOD                 00001000   00000040  00000000  00000040  RWIX
  INFOC                 00001040   00000040  00000000  00000040  RWIX
  INFOB                 00001080   00000040  00000000  00000040  RWIX
  INFOA                 000010c0   00000040  00000000  00000040  RWIX
  FLASH                 0000c000   00003fde  00000692  0000394c  RWIX
  BSLSIGNATURE          0000ffde   00000002  00000002  00000000  RWIX  ffff 
  INT00                 0000ffe0   00000002  00000002  00000000  RWIX
  INT01                 0000ffe2   00000002  00000000  00000002  RWIX
  INT02                 0000ffe4   00000002  00000002  00000000  RWIX
  INT03                 0000ffe6   00000002  00000002  00000000  RWIX
  INT04                 0000ffe8   00000002  00000000  00000002  RWIX
  INT05                 0000ffea   00000002  00000002  00000000  RWIX
  INT06                 0000ffec   00000002  00000002  00000000  RWIX
  INT07                 0000ffee   00000002  00000002  00000000  RWIX
  INT08                 0000fff0   00000002  00000002  00000000  RWIX
  INT09                 0000fff2   00000002  00000002  00000000  RWIX
  INT10                 0000fff4   00000002  00000002  00000000  RWIX
  INT11                 0000fff6   00000002  00000002  00000000  RWIX
  INT12                 0000fff8   00000002  00000002  00000000  RWIX
  INT13                 0000fffa   00000002  00000002  00000000  RWIX
  INT14                 0000fffc   00000002  00000002  00000000  RWIX
  RESET                 0000fffe   00000002  00000002  00000000  RWIX


SECTION ALLOCATION MAP

 output                                  attributes/
section   page    origin      length       input sections
--------  ----  ----------  ----------   ----------------
.data      0    00000200    000000c0     UNINITIALIZED
                  00000200    000000b4     main.obj (.data:NDEF_msg_buf)
                  000002b4    00000005     main.obj (.data)
                  000002b9    00000001     --HOLE--
                  000002ba    00000002     RF430_example.obj (.data:RxData)
                  000002bc    00000002     RF430_example.obj (.data:TxAddr)
                  000002be    00000002     RF430_example.obj (.data:TxData)

.stack     0    000003b0    00000050     UNINITIALIZED
                  000003b0    00000002     rts430_eabi.lib : boot.c.obj (.stack)
                  000003b2    0000004e     --HOLE--

.text      0    0000c000    0000064e     
                  0000c000    000000ec     main.obj (.text:Collect_Temp_Illum_Sample)
                  0000c0ec    000000aa     main.obj (.text:main)
                  0000c196    00000002     rts430_eabi.lib : startup.c.obj (.text:_system_post_cinit)
                  0000c198    00000096     main.obj (.text:Init_RF430)
                  0000c22e    0000007c     rts430_eabi.lib : copy_decompress_lzss.c.obj (.text:decompress:lzss:__TI_decompress_lzss)
                  0000c2aa    00000002     --HOLE-- [fill = 0]
                  0000c2ac    00000078     RF430_example.obj (.text:Read_Register)
                  0000c324    0000006e     RF430_example.obj (.text:Write_Register)
                  0000c392    00000002     --HOLE-- [fill = 0]
                  0000c394    0000006c     main.obj (.text:Create_Temp_Illum_NDEF)
                  0000c400    0000005e     RF430_example.obj (.text:Write_Continuous)
                  0000c45e    00000002     --HOLE-- [fill = 0]
                  0000c460    0000004c     main.obj (.text:Write_Flash_Segment)
                  0000c4ac    0000004c     rts430_eabi.lib : lsr16.asm.obj (.text)
                  0000c4f8    00000042                     : autoinit.c.obj (.text:__TI_auto_init_nobinit_nopinit:__TI_auto_init_nobinit_nopinit)
                  0000c53a    0000002c                     : lsl16.asm.obj (.text)
                  0000c566    00000002     --HOLE-- [fill = 0]
                  0000c568    00000026     main.obj (.text:Init_MSP430)
                  0000c58e    00000002     --HOLE-- [fill = 0]
                  0000c590    00000020     main.obj (.text:PORT2_ISR)
                  0000c5b0    0000001e     main.obj (.text:Read_Flash_Segment)
                  0000c5ce    0000001c     rts430_eabi.lib : boot.c.obj (.text:_c_int00_noargs)
                  0000c5ea    00000014                     : memset.c.obj (.text:memset)
                  0000c5fe    00000012                     : copy_decompress_none.c.obj (.text:decompress:none:__TI_decompress_none)
                  0000c610    00000012                     : memcpy.c.obj (.text:memcpy)
                  0000c622    00000010                     : epilog.asm.obj (.text)
                  0000c632    00000002     --HOLE-- [fill = 0]
                  0000c634    00000008     main.obj (.text:ADC10_ISR)
                  0000c63c    00000008     rts430_eabi.lib : isr_trap.asm.obj (.text:_isr:__TI_ISR_TRAP)
                  0000c644    00000006                     : exit.c.obj (.text:abort)
                  0000c64a    00000004                     : pre_init.c.obj (.text:_system_pre_init)

.const     0    0000c64e    00000006     
                  0000c64e    00000006     main.obj (.const:$P$T0$1)

.cinit     0    0000c654    0000003e     
                  0000c654    00000035     (.cinit..data.load) [load image, compression = lzss]
                  0000c689    00000001     --HOLE-- [fill = 0]
                  0000c68a    00000004     (__TI_handler_table)
                  0000c68e    00000004     (__TI_cinit_table)

.binit     0    0000c000    00000000     

.init_array 
*          0    0000c000    00000000     UNINITIALIZED

TRAPINT    0    0000ffe0    00000002     
                  0000ffe0    00000002     rts430_eabi.lib : int00.asm.obj (.int00)

PORT1      0    0000ffe4    00000002     
                  0000ffe4    00000002     rts430_eabi.lib : int02.asm.obj (.int02)

PORT2      0    0000ffe6    00000002     
                  0000ffe6    00000002     main.obj (.int03)

ADC10      0    0000ffea    00000002     
                  0000ffea    00000002     main.obj (.int05)

USCIAB0TX 
*          0    0000ffec    00000002     
                  0000ffec    00000002     rts430_eabi.lib : int06.asm.obj (.int06)

USCIAB0RX 
*          0    0000ffee    00000002     
                  0000ffee    00000002     rts430_eabi.lib : int07.asm.obj (.int07)

TIMER0_A1 
*          0    0000fff0    00000002     
                  0000fff0    00000002     rts430_eabi.lib : int08.asm.obj (.int08)

TIMER0_A0 
*          0    0000fff2    00000002     
                  0000fff2    00000002     rts430_eabi.lib : int09.asm.obj (.int09)

WDT        0    0000fff4    00000002     
                  0000fff4    00000002     rts430_eabi.lib : int10.asm.obj (.int10)

COMPARATORA 
*          0    0000fff6    00000002     
                  0000fff6    00000002     rts430_eabi.lib : int11.asm.obj (.int11)

TIMER1_A1 
*          0    0000fff8    00000002     
                  0000fff8    00000002     rts430_eabi.lib : int12.asm.obj (.int12)

TIMER1_A0 
*          0    0000fffa    00000002     
                  0000fffa    00000002     rts430_eabi.lib : int13.asm.obj (.int13)

NMI        0    0000fffc    00000002     
                  0000fffc    00000002     rts430_eabi.lib : int14.asm.obj (.int14)

.reset     0    0000fffe    00000002     
                  0000fffe    00000002     rts430_eabi.lib : boot.c.obj (.reset)

$fill000   0    0000ffde    00000002     
                  0000ffde    00000002     --HOLE-- [fill = ffff]

MODULE SUMMARY

       Module                       code   ro data   rw data
       ------                       ----   -------   -------
    .\
       main.obj                     848    10        185    
       RF430_example.obj            324    0         6      
    +--+----------------------------+------+---------+---------+
       Total:                       1172   10        191    
                                                            
    C:\ti\ccs1020\ccs\tools\compiler\ti-cgt-msp430_20.2.2.LTS\lib\rts430_eabi.lib
       copy_decompress_lzss.c.obj   124    0         0      
       lsr16.asm.obj                76     0         0      
       autoinit.c.obj               66     0         0      
       lsl16.asm.obj                44     0         0      
       boot.c.obj                   28     2         0      
       memset.c.obj                 20     0         0      
       copy_decompress_none.c.obj   18     0         0      
       memcpy.c.obj                 18     0         0      
       epilog.asm.obj               16     0         0      
       isr_trap.asm.obj             8      0         0      
       exit.c.obj                   6      0         0      
       pre_init.c.obj               4      0         0      
       int00.asm.obj                0      2         0      
       int02.asm.obj                0      2         0      
       int06.asm.obj                0      2         0      
       int07.asm.obj                0      2         0      
       int08.asm.obj                0      2         0      
       int09.asm.obj                0      2         0      
       int10.asm.obj                0      2         0      
       int11.asm.obj                0      2         0      
       int12.asm.obj                0      2         0      
       int13.asm.obj                0      2         0      
       int14.asm.obj                0      2         0      
       startup.c.obj                2      0         0      
    +--+----------------------------+------+---------+---------+
       Total:                       430    24        0      
                                                            
       Stack:                       0      0         80     
       Linker Generated:            0      61        0      
    +--+----------------------------+------+---------+---------+
       Grand Total:                 1602   95        271    


LINKER GENERATED COPY TABLES

__TI_cinit_table @ 0000c68e records: 1, size/record: 4, table size: 4
	.data: load addr=0000c654, load size=00000035 bytes, run addr=00000200, run size=000000c0 bytes, compression=lzss


LINKER GENERATED HANDLER TABLE

__TI_handler_table @ 0000c68a records: 2, size/record: 2, table size: 4
	index: 0, handler: __TI_decompress_lzss
	index: 1, handler: __TI_decompress_none


GLOBAL SYMBOLS: SORTED ALPHABETICALLY BY Name 

address   name                          
-------   ----                          
0000004a  ADC10AE0                      
000001b0  ADC10CTL0                     
000001b2  ADC10CTL1                     
00000048  ADC10DTC0                     
00000049  ADC10DTC1                     
000001b4  ADC10MEM                      
000001bc  ADC10SA                       
0000c634  ADC10_ISR                     
00000057  BCSCTL1                       
00000058  BCSCTL2                       
00000053  BCSCTL3                       
0000c644  C$$EXIT                       
00000059  CACTL1                        
0000005a  CACTL2                        
000010fb  CALBC1_12MHZ                  
000010f9  CALBC1_16MHZ                  
000010ff  CALBC1_1MHZ                   
000010fd  CALBC1_8MHZ                   
000010fa  CALDCO_12MHZ                  
000010f8  CALDCO_16MHZ                  
000010fe  CALDCO_1MHZ                   
000010fc  CALDCO_8MHZ                   
0000005b  CAPD                          
0000c000  Collect_Temp_Illum_Sample     
0000c394  Create_Temp_Illum_NDEF        
00000056  DCOCTL                        
00000128  FCTL1                         
0000012a  FCTL2                         
0000012c  FCTL3                         
00000000  IE1                           
00000001  IE2                           
00000002  IFG1                          
00000003  IFG2                          
0000c568  Init_MSP430                   
0000c198  Init_RF430                    
00000200  NDEF_msg_buf                  
00000022  P1DIR                         
00000025  P1IE                          
00000024  P1IES                         
00000023  P1IFG                         
00000020  P1IN                          
00000021  P1OUT                         
00000027  P1REN                         
00000026  P1SEL                         
00000041  P1SEL2                        
0000002a  P2DIR                         
0000002d  P2IE                          
0000002c  P2IES                         
0000002b  P2IFG                         
00000028  P2IN                          
00000029  P2OUT                         
0000002f  P2REN                         
0000002e  P2SEL                         
00000042  P2SEL2                        
0000001a  P3DIR                         
00000018  P3IN                          
00000019  P3OUT                         
00000010  P3REN                         
0000001b  P3SEL                         
00000043  P3SEL2                        
0000c590  PORT2_ISR                     
0000c5b0  Read_Flash_Segment            
0000c2ac  Read_Register                 
000002ba  RxData                        
00000172  TA0CCR0                       
00000174  TA0CCR1                       
00000176  TA0CCR2                       
00000162  TA0CCTL0                      
00000164  TA0CCTL1                      
00000166  TA0CCTL2                      
00000160  TA0CTL                        
0000012e  TA0IV                         
00000170  TA0R                          
00000192  TA1CCR0                       
00000194  TA1CCR1                       
00000196  TA1CCR2                       
00000182  TA1CCTL0                      
00000184  TA1CCTL1                      
00000186  TA1CCTL2                      
00000180  TA1CTL                        
0000011e  TA1IV                         
00000190  TA1R                          
000010db  TLV_ADC10_1_LEN               
000010da  TLV_ADC10_1_TAG               
000010c0  TLV_CHECKSUM                  
000010f7  TLV_DCO_30_LEN                
000010f6  TLV_DCO_30_TAG                
000002bc  TxAddr                        
000002be  TxData                        
0000005d  UCA0ABCTL                     
00000062  UCA0BR0                       
00000063  UCA0BR1                       
00000060  UCA0CTL0                      
00000061  UCA0CTL1                      
0000005f  UCA0IRRCTL                    
0000005e  UCA0IRTCTL                    
00000064  UCA0MCTL                      
00000066  UCA0RXBUF                     
00000065  UCA0STAT                      
00000067  UCA0TXBUF                     
0000006a  UCB0BR0                       
0000006b  UCB0BR1                       
00000068  UCB0CTL0                      
00000069  UCB0CTL1                      
0000006c  UCB0I2CIE                     
00000118  UCB0I2COA                     
0000011a  UCB0I2CSA                     
0000006e  UCB0RXBUF                     
0000006d  UCB0STAT                      
0000006f  UCB0TXBUF                     
00000120  WDTCTL                        
0000c400  Write_Continuous              
0000c460  Write_Flash_Segment           
0000c324  Write_Register                
00000400  __STACK_END                   
00000050  __STACK_SIZE                  
0000c68e  __TI_CINIT_Base               
0000c692  __TI_CINIT_Limit              
0000c68a  __TI_Handler_Table_Base       
0000c68e  __TI_Handler_Table_Limit      
0000c63c  __TI_ISR_TRAP                 
0000c4f8  __TI_auto_init_nobinit_nopinit
0000c22e  __TI_decompress_lzss          
0000c5fe  __TI_decompress_none          
0000ffe0  __TI_int00                    
0000ffe4  __TI_int02                    
0000ffe6  __TI_int03                    
0000ffea  __TI_int05                    
0000ffec  __TI_int06                    
0000ffee  __TI_int07                    
0000fff0  __TI_int08                    
0000fff2  __TI_int09                    
0000fff4  __TI_int10                    
0000fff6  __TI_int11                    
0000fff8  __TI_int12                    
0000fffa  __TI_int13                    
0000fffc  __TI_int14                    
ffffffff  __TI_pprof_out_hndl           
ffffffff  __TI_prof_data_size           
ffffffff  __TI_prof_data_start          
ffffffff  __c_args__                    
0000c62e  __mspabi_func_epilog_1        
0000c62c  __mspabi_func_epilog_2        
0000c62a  __mspabi_func_epilog_3        
0000c628  __mspabi_func_epilog_4        
0000c626  __mspabi_func_epilog_5        
0000c624  __mspabi_func_epilog_6        
0000c622  __mspabi_func_epilog_7        
0000c53a  __mspabi_slli                 
0000c562  __mspabi_slli_1               
0000c550  __mspabi_slli_10              
0000c54e  __mspabi_slli_11              
0000c54c  __mspabi_slli_12              
0000c54a  __mspabi_slli_13              
0000c548  __mspabi_slli_14              
0000c546  __mspabi_slli_15              
0000c560  __mspabi_slli_2               
0000c55e  __mspabi_slli_3               
0000c55c  __mspabi_slli_4               
0000c55a  __mspabi_slli_5               
0000c558  __mspabi_slli_6               
0000c556  __mspabi_slli_7               
0000c554  __mspabi_slli_8               
0000c552  __mspabi_slli_9               
0000c4ac  __mspabi_srli                 
0000c4f2  __mspabi_srli_1               
0000c4ce  __mspabi_srli_10              
0000c4ca  __mspabi_srli_11              
0000c4c6  __mspabi_srli_12              
0000c4c2  __mspabi_srli_13              
0000c4be  __mspabi_srli_14              
0000c4ba  __mspabi_srli_15              
0000c4ee  __mspabi_srli_2               
0000c4ea  __mspabi_srli_3               
0000c4e6  __mspabi_srli_4               
0000c4e2  __mspabi_srli_5               
0000c4de  __mspabi_srli_6               
0000c4da  __mspabi_srli_7               
0000c4d6  __mspabi_srli_8               
0000c4d2  __mspabi_srli_9               
0000c5ce  _c_int00_noargs               
0000fffe  _reset_vector                 
000003b0  _stack                        
0000c196  _system_post_cinit            
0000c64a  _system_pre_init              
0000c644  abort                         
000002b8  into_fired                    
0000c0ec  main                          
0000c610  memcpy                        
0000c5ea  memset                        
000002b4  product_ID                    


GLOBAL SYMBOLS: SORTED BY Symbol Address 

address   name                          
-------   ----                          
00000000  IE1                           
00000001  IE2                           
00000002  IFG1                          
00000003  IFG2                          
00000010  P3REN                         
00000018  P3IN                          
00000019  P3OUT                         
0000001a  P3DIR                         
0000001b  P3SEL                         
00000020  P1IN                          
00000021  P1OUT                         
00000022  P1DIR                         
00000023  P1IFG                         
00000024  P1IES                         
00000025  P1IE                          
00000026  P1SEL                         
00000027  P1REN                         
00000028  P2IN                          
00000029  P2OUT                         
0000002a  P2DIR                         
0000002b  P2IFG                         
0000002c  P2IES                         
0000002d  P2IE                          
0000002e  P2SEL                         
0000002f  P2REN                         
00000041  P1SEL2                        
00000042  P2SEL2                        
00000043  P3SEL2                        
00000048  ADC10DTC0                     
00000049  ADC10DTC1                     
0000004a  ADC10AE0                      
00000050  __STACK_SIZE                  
00000053  BCSCTL3                       
00000056  DCOCTL                        
00000057  BCSCTL1                       
00000058  BCSCTL2                       
00000059  CACTL1                        
0000005a  CACTL2                        
0000005b  CAPD                          
0000005d  UCA0ABCTL                     
0000005e  UCA0IRTCTL                    
0000005f  UCA0IRRCTL                    
00000060  UCA0CTL0                      
00000061  UCA0CTL1                      
00000062  UCA0BR0                       
00000063  UCA0BR1                       
00000064  UCA0MCTL                      
00000065  UCA0STAT                      
00000066  UCA0RXBUF                     
00000067  UCA0TXBUF                     
00000068  UCB0CTL0                      
00000069  UCB0CTL1                      
0000006a  UCB0BR0                       
0000006b  UCB0BR1                       
0000006c  UCB0I2CIE                     
0000006d  UCB0STAT                      
0000006e  UCB0RXBUF                     
0000006f  UCB0TXBUF                     
00000118  UCB0I2COA                     
0000011a  UCB0I2CSA                     
0000011e  TA1IV                         
00000120  WDTCTL                        
00000128  FCTL1                         
0000012a  FCTL2                         
0000012c  FCTL3                         
0000012e  TA0IV                         
00000160  TA0CTL                        
00000162  TA0CCTL0                      
00000164  TA0CCTL1                      
00000166  TA0CCTL2                      
00000170  TA0R                          
00000172  TA0CCR0                       
00000174  TA0CCR1                       
00000176  TA0CCR2                       
00000180  TA1CTL                        
00000182  TA1CCTL0                      
00000184  TA1CCTL1                      
00000186  TA1CCTL2                      
00000190  TA1R                          
00000192  TA1CCR0                       
00000194  TA1CCR1                       
00000196  TA1CCR2                       
000001b0  ADC10CTL0                     
000001b2  ADC10CTL1                     
000001b4  ADC10MEM                      
000001bc  ADC10SA                       
00000200  NDEF_msg_buf                  
000002b4  product_ID                    
000002b8  into_fired                    
000002ba  RxData                        
000002bc  TxAddr                        
000002be  TxData                        
000003b0  _stack                        
00000400  __STACK_END                   
000010c0  TLV_CHECKSUM                  
000010da  TLV_ADC10_1_TAG               
000010db  TLV_ADC10_1_LEN               
000010f6  TLV_DCO_30_TAG                
000010f7  TLV_DCO_30_LEN                
000010f8  CALDCO_16MHZ                  
000010f9  CALBC1_16MHZ                  
000010fa  CALDCO_12MHZ                  
000010fb  CALBC1_12MHZ                  
000010fc  CALDCO_8MHZ                   
000010fd  CALBC1_8MHZ                   
000010fe  CALDCO_1MHZ                   
000010ff  CALBC1_1MHZ                   
0000c000  Collect_Temp_Illum_Sample     
0000c0ec  main                          
0000c196  _system_post_cinit            
0000c198  Init_RF430                    
0000c22e  __TI_decompress_lzss          
0000c2ac  Read_Register                 
0000c324  Write_Register                
0000c394  Create_Temp_Illum_NDEF        
0000c400  Write_Continuous              
0000c460  Write_Flash_Segment           
0000c4ac  __mspabi_srli                 
0000c4ba  __mspabi_srli_15              
0000c4be  __mspabi_srli_14              
0000c4c2  __mspabi_srli_13              
0000c4c6  __mspabi_srli_12              
0000c4ca  __mspabi_srli_11              
0000c4ce  __mspabi_srli_10              
0000c4d2  __mspabi_srli_9               
0000c4d6  __mspabi_srli_8               
0000c4da  __mspabi_srli_7               
0000c4de  __mspabi_srli_6               
0000c4e2  __mspabi_srli_5               
0000c4e6  __mspabi_srli_4               
0000c4ea  __mspabi_srli_3               
0000c4ee  __mspabi_srli_2               
0000c4f2  __mspabi_srli_1               
0000c4f8  __TI_auto_init_nobinit_nopinit
0000c53a  __mspabi_slli                 
0000c546  __mspabi_slli_15              
0000c548  __mspabi_slli_14              
0000c54a  __mspabi_slli_13              
0000c54c  __mspabi_slli_12              
0000c54e  __mspabi_slli_11              
0000c550  __mspabi_slli_10              
0000c552  __mspabi_slli_9               
0000c554  __mspabi_slli_8               
0000c556  __mspabi_slli_7               
0000c558  __mspabi_slli_6               
0000c55a  __mspabi_slli_5               
0000c55c  __mspabi_slli_4               
0000c55e  __mspabi_slli_3               
0000c560  __mspabi_slli_2               
0000c562  __mspabi_slli_1               
0000c568  Init_MSP430                   
0000c590  PORT2_ISR                     
0000c5b0  Read_Flash_Segment            
0000c5ce  _c_int00_noargs               
0000c5ea  memset                        
0000c5fe  __TI_decompress_none          
0000c610  memcpy                        
0000c622  __mspabi_func_epilog_7        
0000c624  __mspabi_func_epilog_6        
0000c626  __mspabi_func_epilog_5        
0000c628  __mspabi_func_epilog_4        
0000c62a  __mspabi_func_epilog_3        
0000c62c  __mspabi_func_epilog_2        
0000c62e  __mspabi_func_epilog_1        
0000c634  ADC10_ISR                     
0000c63c  __TI_ISR_TRAP                 
0000c644  C$$EXIT                       
0000c644  abort                         
0000c64a  _system_pre_init              
0000c68a  __TI_Handler_Table_Base       
0000c68e  __TI_CINIT_Base               
0000c68e  __TI_Handler_Table_Limit      
0000c692  __TI_CINIT_Limit              
0000ffe0  __TI_int00                    
0000ffe4  __TI_int02                    
0000ffe6  __TI_int03                    
0000ffea  __TI_int05                    
0000ffec  __TI_int06                    
0000ffee  __TI_int07                    
0000fff0  __TI_int08                    
0000fff2  __TI_int09                    
0000fff4  __TI_int10                    
0000fff6  __TI_int11                    
0000fff8  __TI_int12                    
0000fffa  __TI_int13                    
0000fffc  __TI_int14                    
0000fffe  _reset_vector                 
ffffffff  __TI_pprof_out_hndl           
ffffffff  __TI_prof_data_size           
ffffffff  __TI_prof_data_start          
ffffffff  __c_args__                    

[191 symbols]
